Step #0.00 (0ms ?*RT. ?UPS, TraCI: 9ms, vehicles TOT 0 ACT 0 BUF 0)                      
dream_lstm seed 8: 50000 steps -> C:\Users\hulbe\VisualProjects\traffic-world-model\models\checkpoints\v2\control_aligned\dream_lstm_s8
Eval num_timesteps=5000, episode_reward=-110003.60 +/- 89305.43
Episode length: 60.00 +/- 0.00
New best mean reward!
Eval num_timesteps=10000, episode_reward=-24491.60 +/- 18994.70
Episode length: 60.00 +/- 0.00
New best mean reward!
Eval num_timesteps=15000, episode_reward=-30199.60 +/- 24459.06
Episode length: 60.00 +/- 0.00
Eval num_timesteps=20000, episode_reward=-13636.20 +/- 21005.68
Episode length: 60.00 +/- 0.00
New best mean reward!
Eval num_timesteps=25000, episode_reward=-11470.60 +/- 18822.17
Episode length: 60.00 +/- 0.00
New best mean reward!
Eval num_timesteps=30000, episode_reward=-2220.80 +/- 312.43
Episode length: 60.00 +/- 0.00
New best mean reward!
Eval num_timesteps=35000, episode_reward=-17156.60 +/- 30169.07
Episode length: 60.00 +/- 0.00
Eval num_timesteps=40000, episode_reward=-17431.60 +/- 30716.28
Episode length: 60.00 +/- 0.00
Eval num_timesteps=45000, episode_reward=-2953.20 +/- 1193.54
Episode length: 60.00 +/- 0.00
Eval num_timesteps=50000, episode_reward=-12302.20 +/- 20974.25
Episode length: 60.00 +/- 0.00
done in 467 s; real steps 3000; best real eval -2220.8
