Step #0.00 (0ms ?*RT. ?UPS, TraCI: 10ms, vehicles TOT 0 ACT 0 BUF 0)                     
dream_transformer seed 7: 50000 steps -> C:\Users\hulbe\VisualProjects\traffic-world-model\models\checkpoints\v2\control_aligned\dream_transformer_s7
Eval num_timesteps=5000, episode_reward=-18289.60 +/- 23596.34
Episode length: 60.00 +/- 0.00
New best mean reward!
Eval num_timesteps=10000, episode_reward=-2057.00 +/- 199.73
Episode length: 60.00 +/- 0.00
New best mean reward!
Eval num_timesteps=15000, episode_reward=-7581.80 +/- 7903.04
Episode length: 60.00 +/- 0.00
Eval num_timesteps=20000, episode_reward=-6092.20 +/- 7537.04
Episode length: 60.00 +/- 0.00
Eval num_timesteps=25000, episode_reward=-7688.40 +/- 11364.73
Episode length: 60.00 +/- 0.00
Eval num_timesteps=30000, episode_reward=-12051.00 +/- 10028.30
Episode length: 60.00 +/- 0.00
Eval num_timesteps=35000, episode_reward=-44291.40 +/- 44099.93
Episode length: 60.00 +/- 0.00
Eval num_timesteps=40000, episode_reward=-12196.60 +/- 15834.33
Episode length: 60.00 +/- 0.00
Eval num_timesteps=45000, episode_reward=-15401.60 +/- 21604.02
Episode length: 60.00 +/- 0.00
Eval num_timesteps=50000, episode_reward=-11164.20 +/- 14079.38
Episode length: 60.00 +/- 0.00
done in 476 s; real steps 3000; best real eval -2057.0
