Step #0.00 (0ms ?*RT. ?UPS, TraCI: 9ms, vehicles TOT 0 ACT 0 BUF 0)                      
dream_transformer seed 6: 50000 steps -> C:\Users\hulbe\VisualProjects\traffic-world-model\models\checkpoints\v2\control\dream_transformer_s6
Eval num_timesteps=5000, episode_reward=-24205.40 +/- 10863.89
Episode length: 60.00 +/- 0.00
New best mean reward!
Eval num_timesteps=10000, episode_reward=-39668.80 +/- 24622.96
Episode length: 60.00 +/- 0.00
Eval num_timesteps=15000, episode_reward=-21339.60 +/- 10302.92
Episode length: 60.00 +/- 0.00
New best mean reward!
Eval num_timesteps=20000, episode_reward=-18971.00 +/- 9909.92
Episode length: 60.00 +/- 0.00
New best mean reward!
Eval num_timesteps=25000, episode_reward=-1506.00 +/- 198.28
Episode length: 60.00 +/- 0.00
New best mean reward!
Eval num_timesteps=30000, episode_reward=-3149.20 +/- 2015.12
Episode length: 60.00 +/- 0.00
Eval num_timesteps=35000, episode_reward=-3930.40 +/- 2201.83
Episode length: 60.00 +/- 0.00
Eval num_timesteps=40000, episode_reward=-1567.60 +/- 401.03
Episode length: 60.00 +/- 0.00
Eval num_timesteps=45000, episode_reward=-1860.40 +/- 422.25
Episode length: 60.00 +/- 0.00
Eval num_timesteps=50000, episode_reward=-1622.00 +/- 145.30
Episode length: 60.00 +/- 0.00
done in 477 s; real steps 3000; best real eval -1506.0
