Step #0.00 (0ms ?*RT. ?UPS, TraCI: 12ms, vehicles TOT 0 ACT 0 BUF 0)                     
dream_transformer seed 5: 50000 steps -> C:\Users\hulbe\VisualProjects\traffic-world-model\models\checkpoints\v2\control_aligned\dream_transformer_s5
Warning: Vehicle 'C0_south_straight_flow_s1.3' performs emergency braking on lane ':C0_9_0' with decel=9.00, wished=4.50, severity=1.00, time=173.00.
Eval num_timesteps=5000, episode_reward=-17877.80 +/- 5725.22
Episode length: 60.00 +/- 0.00
New best mean reward!
Eval num_timesteps=10000, episode_reward=-2951.00 +/- 947.24
Episode length: 60.00 +/- 0.00
New best mean reward!
Eval num_timesteps=15000, episode_reward=-20149.20 +/- 35026.12
Episode length: 60.00 +/- 0.00
Eval num_timesteps=20000, episode_reward=-7437.20 +/- 9535.17
Episode length: 60.00 +/- 0.00
Eval num_timesteps=25000, episode_reward=-6793.60 +/- 9579.27
Episode length: 60.00 +/- 0.00
Eval num_timesteps=30000, episode_reward=-2592.20 +/- 1303.24
Episode length: 60.00 +/- 0.00
New best mean reward!
Eval num_timesteps=35000, episode_reward=-2291.40 +/- 483.16
Episode length: 60.00 +/- 0.00
New best mean reward!
Eval num_timesteps=40000, episode_reward=-2050.40 +/- 283.70
Episode length: 60.00 +/- 0.00
New best mean reward!
Eval num_timesteps=45000, episode_reward=-1839.60 +/- 465.80
Episode length: 60.00 +/- 0.00
New best mean reward!
Eval num_timesteps=50000, episode_reward=-1789.00 +/- 339.29
Episode length: 60.00 +/- 0.00
New best mean reward!
done in 473 s; real steps 3000; best real eval -1789.0
