Step #0.00 (0ms ?*RT. ?UPS, TraCI: 9ms, vehicles TOT 0 ACT 0 BUF 0)                      
Step #0.00 (0ms ?*RT. ?UPS, TraCI: 7ms, vehicles TOT 0 ACT 0 BUF 0)                      
direct seed 7: 30000 steps -> C:\Users\hulbe\VisualProjects\traffic-world-model\models\checkpoints\v2\control\direct_30k_s7
Warning: Vehicle 'C0_south_straight_flow_s1.0' performs emergency braking on lane ':C0_9_0' with decel=9.00, wished=4.50, severity=1.00, time=183.00.
Warning: Vehicle 'C0_north_straight_flow_s2.0' performs emergency braking on lane ':C0_1_0' with decel=9.00, wished=4.50, severity=1.00, time=228.00.
Warning: Vehicle 'C0_south_straight_flow_s1.5' performs emergency braking on lane ':C0_9_0' with decel=9.00, wished=4.50, severity=1.00, time=263.00.
Eval num_timesteps=1000, episode_reward=-87404.60 +/- 33792.50
Episode length: 60.00 +/- 0.00
New best mean reward!
Eval num_timesteps=2000, episode_reward=-13331.40 +/- 7362.84
Episode length: 60.00 +/- 0.00
New best mean reward!
Eval num_timesteps=3000, episode_reward=-14219.20 +/- 11916.68
Episode length: 60.00 +/- 0.00
Eval num_timesteps=4000, episode_reward=-14610.20 +/- 11764.04
Episode length: 60.00 +/- 0.00
Eval num_timesteps=5000, episode_reward=-4217.20 +/- 760.01
Episode length: 60.00 +/- 0.00
New best mean reward!
Eval num_timesteps=6000, episode_reward=-3033.60 +/- 709.11
Episode length: 60.00 +/- 0.00
New best mean reward!
Eval num_timesteps=7000, episode_reward=-3882.80 +/- 1582.51
Episode length: 60.00 +/- 0.00
Eval num_timesteps=8000, episode_reward=-4335.00 +/- 1840.19
Episode length: 60.00 +/- 0.00
Eval num_timesteps=9000, episode_reward=-2857.20 +/- 954.41
Episode length: 60.00 +/- 0.00
New best mean reward!
Eval num_timesteps=10000, episode_reward=-2653.40 +/- 612.02
Episode length: 60.00 +/- 0.00
New best mean reward!
Eval num_timesteps=11000, episode_reward=-3164.00 +/- 1497.09
Episode length: 60.00 +/- 0.00
Eval num_timesteps=12000, episode_reward=-3285.40 +/- 733.08
Episode length: 60.00 +/- 0.00
Eval num_timesteps=13000, episode_reward=-18007.60 +/- 14779.73
Episode length: 60.00 +/- 0.00
Eval num_timesteps=14000, episode_reward=-6266.80 +/- 4630.59
Episode length: 60.00 +/- 0.00
Eval num_timesteps=15000, episode_reward=-5633.80 +/- 5979.64
Episode length: 60.00 +/- 0.00
Eval num_timesteps=16000, episode_reward=-5996.80 +/- 4990.45
Episode length: 60.00 +/- 0.00
Eval num_timesteps=17000, episode_reward=-3961.20 +/- 1750.77
Episode length: 60.00 +/- 0.00
Eval num_timesteps=18000, episode_reward=-7218.40 +/- 4699.56
Episode length: 60.00 +/- 0.00
Eval num_timesteps=19000, episode_reward=-2019.60 +/- 495.07
Episode length: 60.00 +/- 0.00
New best mean reward!
Eval num_timesteps=20000, episode_reward=-1803.60 +/- 401.84
Episode length: 60.00 +/- 0.00
New best mean reward!
Eval num_timesteps=21000, episode_reward=-2296.80 +/- 1171.37
Episode length: 60.00 +/- 0.00
Eval num_timesteps=22000, episode_reward=-1975.00 +/- 327.13
Episode length: 60.00 +/- 0.00
Eval num_timesteps=23000, episode_reward=-1800.00 +/- 430.47
Episode length: 60.00 +/- 0.00
New best mean reward!
Eval num_timesteps=24000, episode_reward=-1752.00 +/- 303.08
Episode length: 60.00 +/- 0.00
New best mean reward!
Eval num_timesteps=25000, episode_reward=-1911.80 +/- 615.68
Episode length: 60.00 +/- 0.00
Eval num_timesteps=26000, episode_reward=-1621.00 +/- 282.07
Episode length: 60.00 +/- 0.00
New best mean reward!
Eval num_timesteps=27000, episode_reward=-1688.00 +/- 143.36
Episode length: 60.00 +/- 0.00
Eval num_timesteps=28000, episode_reward=-1761.00 +/- 450.03
Episode length: 60.00 +/- 0.00
Eval num_timesteps=29000, episode_reward=-1665.80 +/- 254.93
Episode length: 60.00 +/- 0.00
Eval num_timesteps=30000, episode_reward=-1633.00 +/- 334.18
Episode length: 60.00 +/- 0.00
done in 3437 s; real steps 39208; best real eval -1621.0
