Step #0.00 (0ms ?*RT. ?UPS, TraCI: 10ms, vehicles TOT 0 ACT 0 BUF 0)                     
dream_transformer seed 3: 50000 steps -> C:\Users\hulbe\VisualProjects\traffic-world-model\models\checkpoints\v2\control_aligned\dream_transformer_s3
Warning: Vehicle 'C0_south_straight_flow_s1.3' performs emergency braking on lane ':C0_9_0' with decel=9.00, wished=4.50, severity=1.00, time=173.00.
Eval num_timesteps=5000, episode_reward=-6749.40 +/- 3430.75
Episode length: 60.00 +/- 0.00
New best mean reward!
Eval num_timesteps=10000, episode_reward=-25621.60 +/- 12112.91
Episode length: 60.00 +/- 0.00
Eval num_timesteps=15000, episode_reward=-5520.00 +/- 4957.17
Episode length: 60.00 +/- 0.00
New best mean reward!
Eval num_timesteps=20000, episode_reward=-41887.40 +/- 79171.33
Episode length: 60.00 +/- 0.00
Eval num_timesteps=25000, episode_reward=-1971.00 +/- 381.62
Episode length: 60.00 +/- 0.00
New best mean reward!
Eval num_timesteps=30000, episode_reward=-1689.80 +/- 332.32
Episode length: 60.00 +/- 0.00
New best mean reward!
Eval num_timesteps=35000, episode_reward=-1472.40 +/- 562.44
Episode length: 60.00 +/- 0.00
New best mean reward!
Eval num_timesteps=40000, episode_reward=-1817.20 +/- 687.49
Episode length: 60.00 +/- 0.00
Eval num_timesteps=45000, episode_reward=-1564.00 +/- 306.96
Episode length: 60.00 +/- 0.00
Eval num_timesteps=50000, episode_reward=-1648.20 +/- 375.25
Episode length: 60.00 +/- 0.00
done in 455 s; real steps 3000; best real eval -1472.4
