Step #0.00 (0ms ?*RT. ?UPS, TraCI: 10ms, vehicles TOT 0 ACT 0 BUF 0)                     
Step #0.00 (0ms ?*RT. ?UPS, TraCI: 5ms, vehicles TOT 0 ACT 0 BUF 0)                      
direct seed 9: 30000 steps -> C:\Users\hulbe\VisualProjects\traffic-world-model\models\checkpoints\v2\control\direct_30k_s9
Warning: Vehicle 'C0_south_straight_flow_s1.3' performs emergency braking on lane ':C0_9_0' with decel=9.00, wished=4.50, severity=1.00, time=173.00.
Warning: Vehicle 'D0_south_straight_flow_s1.1' performs emergency braking on lane 'bottom3D0_0' with decel=9.00, wished=4.50, severity=1.00, time=233.00.
Warning: Vehicle 'C0_south_straight_flow_s2.2' performs emergency braking on lane ':C0_9_0' with decel=9.00, wished=4.50, severity=1.00, time=233.00.
Eval num_timesteps=1000, episode_reward=-107412.20 +/- 52922.20
Episode length: 60.00 +/- 0.00
New best mean reward!
Eval num_timesteps=2000, episode_reward=-44967.20 +/- 38265.99
Episode length: 60.00 +/- 0.00
New best mean reward!
Eval num_timesteps=3000, episode_reward=-7708.80 +/- 4974.22
Episode length: 60.00 +/- 0.00
New best mean reward!
Eval num_timesteps=4000, episode_reward=-6115.00 +/- 3943.83
Episode length: 60.00 +/- 0.00
New best mean reward!
Eval num_timesteps=5000, episode_reward=-6961.60 +/- 4549.74
Episode length: 60.00 +/- 0.00
Eval num_timesteps=6000, episode_reward=-11412.80 +/- 9470.33
Episode length: 60.00 +/- 0.00
Eval num_timesteps=7000, episode_reward=-4355.40 +/- 1668.40
Episode length: 60.00 +/- 0.00
New best mean reward!
Eval num_timesteps=8000, episode_reward=-4463.60 +/- 740.20
Episode length: 60.00 +/- 0.00
Eval num_timesteps=9000, episode_reward=-3903.40 +/- 1250.20
Episode length: 60.00 +/- 0.00
New best mean reward!
Eval num_timesteps=10000, episode_reward=-4205.20 +/- 1956.68
Episode length: 60.00 +/- 0.00
Eval num_timesteps=11000, episode_reward=-3218.20 +/- 1139.67
Episode length: 60.00 +/- 0.00
New best mean reward!
Eval num_timesteps=12000, episode_reward=-6332.00 +/- 6267.09
Episode length: 60.00 +/- 0.00
Eval num_timesteps=13000, episode_reward=-3172.40 +/- 1452.55
Episode length: 60.00 +/- 0.00
New best mean reward!
Eval num_timesteps=14000, episode_reward=-2685.60 +/- 1493.99
Episode length: 60.00 +/- 0.00
New best mean reward!
Eval num_timesteps=15000, episode_reward=-2883.00 +/- 1100.23
Episode length: 60.00 +/- 0.00
Eval num_timesteps=16000, episode_reward=-4144.80 +/- 2885.74
Episode length: 60.00 +/- 0.00
Eval num_timesteps=17000, episode_reward=-3457.40 +/- 1490.84
Episode length: 60.00 +/- 0.00
Eval num_timesteps=18000, episode_reward=-2750.60 +/- 834.02
Episode length: 60.00 +/- 0.00
Eval num_timesteps=19000, episode_reward=-2521.40 +/- 453.07
Episode length: 60.00 +/- 0.00
New best mean reward!
Eval num_timesteps=20000, episode_reward=-1965.20 +/- 410.91
Episode length: 60.00 +/- 0.00
New best mean reward!
Eval num_timesteps=21000, episode_reward=-1943.80 +/- 373.80
Episode length: 60.00 +/- 0.00
New best mean reward!
Eval num_timesteps=22000, episode_reward=-2044.80 +/- 393.58
Episode length: 60.00 +/- 0.00
Eval num_timesteps=23000, episode_reward=-1940.60 +/- 373.66
Episode length: 60.00 +/- 0.00
New best mean reward!
Eval num_timesteps=24000, episode_reward=-1955.60 +/- 418.14
Episode length: 60.00 +/- 0.00
Eval num_timesteps=25000, episode_reward=-1702.00 +/- 338.84
Episode length: 60.00 +/- 0.00
New best mean reward!
Eval num_timesteps=26000, episode_reward=-1937.20 +/- 526.68
Episode length: 60.00 +/- 0.00
Eval num_timesteps=27000, episode_reward=-1657.20 +/- 287.30
Episode length: 60.00 +/- 0.00
New best mean reward!
Eval num_timesteps=28000, episode_reward=-1934.40 +/- 533.92
Episode length: 60.00 +/- 0.00
Eval num_timesteps=29000, episode_reward=-1780.40 +/- 280.04
Episode length: 60.00 +/- 0.00
Eval num_timesteps=30000, episode_reward=-1972.20 +/- 294.20
Episode length: 60.00 +/- 0.00
done in 2872 s; real steps 39208; best real eval -1657.2
