Step #0.00 (0ms ?*RT. ?UPS, TraCI: 10ms, vehicles TOT 0 ACT 0 BUF 0)                     
dream_transformer seed 7: 50000 steps -> C:\Users\hulbe\VisualProjects\traffic-world-model\models\checkpoints\v2\control\dream_transformer_s7
Eval num_timesteps=5000, episode_reward=-20467.00 +/- 30387.45
Episode length: 60.00 +/- 0.00
New best mean reward!
Eval num_timesteps=10000, episode_reward=-8367.20 +/- 13044.79
Episode length: 60.00 +/- 0.00
New best mean reward!
Eval num_timesteps=15000, episode_reward=-2045.20 +/- 242.47
Episode length: 60.00 +/- 0.00
New best mean reward!
Eval num_timesteps=20000, episode_reward=-9208.80 +/- 14253.32
Episode length: 60.00 +/- 0.00
Eval num_timesteps=25000, episode_reward=-1624.40 +/- 353.46
Episode length: 60.00 +/- 0.00
New best mean reward!
Eval num_timesteps=30000, episode_reward=-1828.80 +/- 351.49
Episode length: 60.00 +/- 0.00
Eval num_timesteps=35000, episode_reward=-1506.60 +/- 225.44
Episode length: 60.00 +/- 0.00
New best mean reward!
Eval num_timesteps=40000, episode_reward=-1511.40 +/- 244.23
Episode length: 60.00 +/- 0.00
Eval num_timesteps=45000, episode_reward=-1546.60 +/- 260.66
Episode length: 60.00 +/- 0.00
Eval num_timesteps=50000, episode_reward=-1504.00 +/- 184.12
Episode length: 60.00 +/- 0.00
New best mean reward!
done in 468 s; real steps 3000; best real eval -1504.0
