Step #0.00 (0ms ?*RT. ?UPS, TraCI: 13ms, vehicles TOT 0 ACT 0 BUF 0)                     
dream_transformer seed 4: 50000 steps -> C:\Users\hulbe\VisualProjects\traffic-world-model\models\checkpoints\v2\control\dream_transformer_s4
Eval num_timesteps=5000, episode_reward=-17155.20 +/- 12065.07
Episode length: 60.00 +/- 0.00
New best mean reward!
Eval num_timesteps=10000, episode_reward=-7770.40 +/- 9295.81
Episode length: 60.00 +/- 0.00
New best mean reward!
Eval num_timesteps=15000, episode_reward=-2021.60 +/- 273.97
Episode length: 60.00 +/- 0.00
New best mean reward!
Eval num_timesteps=20000, episode_reward=-1991.00 +/- 561.57
Episode length: 60.00 +/- 0.00
New best mean reward!
Eval num_timesteps=25000, episode_reward=-1907.60 +/- 378.23
Episode length: 60.00 +/- 0.00
New best mean reward!
Eval num_timesteps=30000, episode_reward=-1711.20 +/- 581.60
Episode length: 60.00 +/- 0.00
New best mean reward!
Eval num_timesteps=35000, episode_reward=-1483.40 +/- 231.36
Episode length: 60.00 +/- 0.00
New best mean reward!
Eval num_timesteps=40000, episode_reward=-1421.20 +/- 276.50
Episode length: 60.00 +/- 0.00
New best mean reward!
Eval num_timesteps=45000, episode_reward=-4328.60 +/- 3490.29
Episode length: 60.00 +/- 0.00
Eval num_timesteps=50000, episode_reward=-6453.80 +/- 5938.75
Episode length: 60.00 +/- 0.00
done in 528 s; real steps 3000; best real eval -1421.2
