Step #0.00 (0ms ?*RT. ?UPS, TraCI: 10ms, vehicles TOT 0 ACT 0 BUF 0)                     
dream_lstm seed 3: 50000 steps -> C:\Users\hulbe\VisualProjects\traffic-world-model\models\checkpoints\v2\control_aligned\dream_lstm_s3
Eval num_timesteps=5000, episode_reward=-128385.00 +/- 80152.69
Episode length: 60.00 +/- 0.00
New best mean reward!
Eval num_timesteps=10000, episode_reward=-20789.80 +/- 9694.01
Episode length: 60.00 +/- 0.00
New best mean reward!
Eval num_timesteps=15000, episode_reward=-33954.80 +/- 59432.76
Episode length: 60.00 +/- 0.00
Eval num_timesteps=20000, episode_reward=-7290.40 +/- 6509.42
Episode length: 60.00 +/- 0.00
New best mean reward!
Eval num_timesteps=25000, episode_reward=-17488.00 +/- 11894.54
Episode length: 60.00 +/- 0.00
Eval num_timesteps=30000, episode_reward=-7241.60 +/- 5300.75
Episode length: 60.00 +/- 0.00
New best mean reward!
Eval num_timesteps=35000, episode_reward=-11811.40 +/- 10811.78
Episode length: 60.00 +/- 0.00
Eval num_timesteps=40000, episode_reward=-7432.40 +/- 5862.17
Episode length: 60.00 +/- 0.00
Eval num_timesteps=45000, episode_reward=-14742.40 +/- 12176.80
Episode length: 60.00 +/- 0.00
Eval num_timesteps=50000, episode_reward=-6248.20 +/- 3306.14
Episode length: 60.00 +/- 0.00
New best mean reward!
done in 476 s; real steps 3000; best real eval -6248.2
