
PRINCIPAL (descriptiva): reduccion mediana (crudo-z)/crudo, %
        LSTM s0     LSTM s1     LSTM s2     LSTM s3     LSTM s4       media fila
AE s0          +0.9       +45.3       +38.2       +26.9       +14.5         +25.1 
AE s1         -32.6       +37.6       +23.5       +25.2        +8.8         +12.5 
AE s2         -28.0       +40.8       +14.1        -6.3        +1.3          +4.4 
AE s3          -9.6       +35.4       +37.0       +12.7        -2.5         +14.6 
AE s4        -112.9       +18.8       -27.3        -4.6       -11.0         -27.4 
media         -36.4       +35.6       +17.1       +10.8        +2.2 

SECUNDARIA: media geometrica del reward_mse de z (exp(g))
        LSTM s0     LSTM s1     LSTM s2     LSTM s3     LSTM s4       media fila
AE s0         224.1       234.3       231.7       205.8       257.7         230.7 
AE s1         322.0       260.2       289.9       213.5       281.6         273.4 
AE s2         288.7       247.0       296.1       301.8       290.9         284.9 
AE s3         258.3       269.9       235.7       250.0       299.6         262.7 
AE s4         446.7       343.8       489.7       268.9       328.7         375.6 
media         308.0       271.0       308.6       248.0       291.7 

ANOVA secondary_g: CM_AE 0.14664 F=8.61 p=0.0007 | CM_LSTM 0.03531 F=2.07 p=0.1322 | CM_res 0.01704
   sigma_AE 0.1610  sigma_LSTM 0.0604  sigma_res 0.1305   (en g: ~ desviacion relativa)

ANOVA primary_reduction: CM_AE 0.19988 F=6.80 p=0.0021 | CM_LSTM 0.35440 F=12.06 p=0.0001 | CM_res 0.02939
   sigma_AE 0.1847  sigma_LSTM 0.2550  sigma_res 0.1714   (en fraccion de reduccion)

Delta = media g(z, 25) - media g(crudo24, 10) = -0.0740  ->  -7.1% de reward_mse geometrico
IC 95% bootstrap por conglomerados (B=100000): [-0.2448, +0.1130]  ->  [-21.7%, +12.0%]
Permutacion por corrida (no decisoria, anticonservadora): p = 0.3272
CONCLUSION (criterio fijado): SIN EVIDENCIA (el IC incluye 0)
media geometrica: z (25) 279.4, crudo24 (10) 300.9; por AE: AE0 230.1, AE1 271.0, AE2 284.2, AE3 261.8, AE4 366.9
celdas con reduccion positiva: 16/25
AE s0: reconstruccion val 0.0418
AE s1: reconstruccion val 0.0321
AE s2: reconstruccion val 0.0312
AE s3: reconstruccion val 0.0428
AE s4: reconstruccion val 0.0452
