
==================== LSTM (latent_dim=16, estado de 24 dims) ====================
reduccion mediana (crudo_s - z)/crudo_s, % (descriptiva)
  AE s0    -31.9    +27.5    +32.0    -37.4     -4.1   | media -2.8
  AE s1    -12.7    +56.2    +33.0     -4.4    -11.1   | media +12.2
  AE s2    -13.9    +27.2    +35.3    +14.3    +20.8   | media +16.8
  AE s3    -55.8    +20.7    +10.7    +23.4    +23.1   | media +4.4
  AE s4     -4.8    +30.4    +26.6    +20.0    +10.3   | media +16.5
  celdas positivas: 16/25
media geometrica del reward_mse (exp g); crudo al final
  AE s0    300.3    307.1    239.2    365.6    308.4   | AE 301.4
  AE s1    278.2    198.3    253.2    290.2    326.6   | AE 265.7
  AE s2    266.0    294.2    242.2    239.4    243.3   | AE 256.2
  AE s3    343.6    330.3    325.4    209.2    224.2   | AE 280.4
  AE s4    243.1    285.6    263.4    212.0    270.4   | AE 253.6
  crudo (10): 229.7 392.8 354.3 281.0 299.1 283.5 259.4 299.9 395.3 259.4   | 300.9
ANOVA g: AE F=0.80 p=0.5410 sigma=0.000 | semilla F=0.27 p=0.8953 sigma=0.000 | resid sigma=0.178
Delta -10.0%  IC95 conglomerados [-21.3%, +2.8%]  permutacion por corrida p=0.1063
CONCLUSION (criterio fijado): SIN EVIDENCIA (el IC incluye 0)
epocas de corte: 86-227; llegaron al tope sin early stopping: 0/35 (resumenes disponibles)

==================== TRANSFORMER (latent_dim=16, estado de 24 dims) ====================
reduccion mediana (crudo_s - z)/crudo_s, % (descriptiva)
  AE s0    -87.6     +2.0    -22.1     +2.4     -1.8   | media -21.4
  AE s1    -62.5    -21.4    -71.4    -54.4    -56.3   | media -53.2
  AE s2    -65.1    -17.8    -42.1    -33.9    -65.4   | media -44.8
  AE s3    -16.8     +8.5    -51.7    -18.5    -31.8   | media -22.1
  AE s4    -59.8    +26.2    +13.0    +20.7     +9.5   | media +1.9
  celdas positivas: 7/25
media geometrica del reward_mse (exp g); crudo al final
  AE s0    464.8    400.2    383.9    423.0    411.6   | AE 415.8
  AE s1    423.1    474.8    554.6    673.7    589.4   | AE 536.0
  AE s2    432.6    465.2    448.4    579.8    659.6   | AE 510.0
  AE s3    321.9    374.9    496.5    491.0    524.0   | AE 434.1
  AE s4    436.3    280.3    294.2    313.4    348.5   | AE 330.3
  crudo (10): 269.9 390.8 324.1 427.5 386.5 273.0 336.4 358.2 267.8 299.5   | 329.1
ANOVA g: AE F=7.38 p=0.0014 sigma=0.178 | semilla F=1.97 p=0.1479 sigma=0.069 | resid sigma=0.157
Delta +33.4%  IC95 conglomerados [+9.8%, +60.4%]  permutacion por corrida p=0.0013
CONCLUSION (criterio fijado): EVIDENCIA: el latente predice PEOR
epocas de corte: 38-116; llegaron al tope sin early stopping: 0/35 (resumenes disponibles)

==================== TSMIXER (latent_dim=16, estado de 24 dims) ====================
reduccion mediana (crudo_s - z)/crudo_s, % (descriptiva)
  AE s0     +0.8     +7.9    -16.1     +6.1    -37.6   | media -7.8
  AE s1    -12.4    -74.8    -52.8    -28.2   -141.5   | media -62.0
  AE s2    +14.6    -43.3   -186.9     +7.7    -57.9   | media -53.2
  AE s3    -17.2    -20.1    -48.0    -26.1    -87.8   | media -39.8
  AE s4    -18.5     -6.8    -57.8    -19.8   -133.6   | media -47.3
  celdas positivas: 5/25
media geometrica del reward_mse (exp g); crudo al final
  AE s0    606.5    438.4    487.8    600.6    637.8   | AE 548.6
  AE s1    735.1    808.9    637.0    821.6    976.5   | AE 788.0
  AE s2    558.7    675.2   1085.3    579.2    698.3   | AE 697.9
  AE s3    720.6    571.6    595.4    816.2    856.2   | AE 702.8
  AE s4    623.3    493.9    652.2    736.3    974.1   | AE 678.7
  crudo (10): 598.5 475.7 422.6 641.7 463.7 505.4 462.6 443.5 390.2 429.0   | 477.9
ANOVA g: AE F=2.50 p=0.0841 sigma=0.102 | semilla F=2.20 p=0.1158 sigma=0.091 | resid sigma=0.187
Delta +42.0%  IC95 conglomerados [+21.1%, +65.0%]  permutacion por corrida p=0.0001
CONCLUSION (criterio fijado): EVIDENCIA: el latente predice PEOR
epocas de corte: 88-226; llegaron al tope sin early stopping: 0/35 (resumenes disponibles)

==================== ENTRE ARQUITECTURAS: Delta_A - Delta_B (bootstrap conjunto) ====================
lstm - transformer: -0.3930 (x100 ~ puntos %)  IC95 [-0.6267, -0.1640] -> EVIDENCIA de diferencia
lstm - tsmixer: -0.4556 (x100 ~ puntos %)  IC95 [-0.6717, -0.2242] -> EVIDENCIA de diferencia
transformer - tsmixer: -0.0626 (x100 ~ puntos %)  IC95 [-0.2855, +0.1453] -> SIN EVIDENCIA de diferencia

TABLA: ventaja del Autoencoder (latent_dim=16) = exp(Delta)-1 de reward_mse geometrico (negativo = z mejor)
  lstm          -10.0%  IC95 [-21.3%, +2.8%]  SIN EVIDENCIA (el IC incluye 0)
  transformer   +33.4%  IC95 [+9.8%, +60.4%]  EVIDENCIA: el latente predice PEOR
  tsmixer       +42.0%  IC95 [+21.1%, +65.0%]  EVIDENCIA: el latente predice PEOR
