Step #0.00 (0ms ?*RT. ?UPS, TraCI: 13ms, vehicles TOT 0 ACT 0 BUF 0)                     
dream_lstm seed 4: 50000 steps -> C:\Users\hulbe\VisualProjects\traffic-world-model\models\checkpoints\v2\control\dream_lstm_s4
Eval num_timesteps=5000, episode_reward=-82786.80 +/- 49133.92
Episode length: 60.00 +/- 0.00
New best mean reward!
Eval num_timesteps=10000, episode_reward=-31748.20 +/- 28854.27
Episode length: 60.00 +/- 0.00
New best mean reward!
Eval num_timesteps=15000, episode_reward=-20615.20 +/- 15677.83
Episode length: 60.00 +/- 0.00
New best mean reward!
Eval num_timesteps=20000, episode_reward=-34380.40 +/- 51669.17
Episode length: 60.00 +/- 0.00
Eval num_timesteps=25000, episode_reward=-7701.00 +/- 6207.76
Episode length: 60.00 +/- 0.00
New best mean reward!
Eval num_timesteps=30000, episode_reward=-4019.80 +/- 1750.48
Episode length: 60.00 +/- 0.00
New best mean reward!
Eval num_timesteps=35000, episode_reward=-2472.60 +/- 555.76
Episode length: 60.00 +/- 0.00
New best mean reward!
Eval num_timesteps=40000, episode_reward=-1783.40 +/- 340.22
Episode length: 60.00 +/- 0.00
New best mean reward!
Eval num_timesteps=45000, episode_reward=-1901.60 +/- 213.44
Episode length: 60.00 +/- 0.00
Eval num_timesteps=50000, episode_reward=-1914.80 +/- 363.84
Episode length: 60.00 +/- 0.00
done in 504 s; real steps 3000; best real eval -1783.4
