Step #0.00 (0ms ?*RT. ?UPS, TraCI: 9ms, vehicles TOT 0 ACT 0 BUF 0)                      
dream_transformer seed 2: 50000 steps -> C:\Users\hulbe\VisualProjects\traffic-world-model\models\checkpoints\v2\control\dream_transformer_s2
Warning: Vehicle 'C0_south_straight_flow_s1.3' performs emergency braking on lane ':C0_9_0' with decel=9.00, wished=4.50, severity=1.00, time=173.00.
Eval num_timesteps=5000, episode_reward=-15316.20 +/- 8129.89
Episode length: 60.00 +/- 0.00
New best mean reward!
Eval num_timesteps=10000, episode_reward=-3788.20 +/- 3763.49
Episode length: 60.00 +/- 0.00
New best mean reward!
Eval num_timesteps=15000, episode_reward=-2227.80 +/- 593.18
Episode length: 60.00 +/- 0.00
New best mean reward!
Eval num_timesteps=20000, episode_reward=-1929.80 +/- 487.95
Episode length: 60.00 +/- 0.00
New best mean reward!
Eval num_timesteps=25000, episode_reward=-1811.00 +/- 469.73
Episode length: 60.00 +/- 0.00
New best mean reward!
Eval num_timesteps=30000, episode_reward=-1657.20 +/- 597.12
Episode length: 60.00 +/- 0.00
New best mean reward!
Eval num_timesteps=35000, episode_reward=-1951.00 +/- 374.42
Episode length: 60.00 +/- 0.00
Eval num_timesteps=40000, episode_reward=-1666.20 +/- 260.58
Episode length: 60.00 +/- 0.00
Eval num_timesteps=45000, episode_reward=-1600.20 +/- 294.62
Episode length: 60.00 +/- 0.00
New best mean reward!
Eval num_timesteps=50000, episode_reward=-1490.60 +/- 264.69
Episode length: 60.00 +/- 0.00
New best mean reward!
done in 475 s; real steps 3000; best real eval -1490.6
