Step #0.00 (0ms ?*RT. ?UPS, TraCI: 11ms, vehicles TOT 0 ACT 0 BUF 0)                     
dream_transformer seed 9: 50000 steps -> C:\Users\hulbe\VisualProjects\traffic-world-model\models\checkpoints\v2\control\dream_transformer_s9
Eval num_timesteps=5000, episode_reward=-27675.80 +/- 8422.77
Episode length: 60.00 +/- 0.00
New best mean reward!
Eval num_timesteps=10000, episode_reward=-8985.20 +/- 6976.96
Episode length: 60.00 +/- 0.00
New best mean reward!
Eval num_timesteps=15000, episode_reward=-8551.80 +/- 7334.29
Episode length: 60.00 +/- 0.00
New best mean reward!
Eval num_timesteps=20000, episode_reward=-6069.60 +/- 7281.85
Episode length: 60.00 +/- 0.00
New best mean reward!
Eval num_timesteps=25000, episode_reward=-2885.60 +/- 1783.78
Episode length: 60.00 +/- 0.00
New best mean reward!
Eval num_timesteps=30000, episode_reward=-1842.80 +/- 351.11
Episode length: 60.00 +/- 0.00
New best mean reward!
Eval num_timesteps=35000, episode_reward=-1775.00 +/- 322.79
Episode length: 60.00 +/- 0.00
New best mean reward!
Eval num_timesteps=40000, episode_reward=-1705.00 +/- 254.90
Episode length: 60.00 +/- 0.00
New best mean reward!
Eval num_timesteps=45000, episode_reward=-1780.00 +/- 365.63
Episode length: 60.00 +/- 0.00
Eval num_timesteps=50000, episode_reward=-1691.20 +/- 245.38
Episode length: 60.00 +/- 0.00
New best mean reward!
done in 467 s; real steps 3000; best real eval -1691.2
