Step #0.00 (0ms ?*RT. ?UPS, TraCI: 11ms, vehicles TOT 0 ACT 0 BUF 0)                     
dream_lstm seed 9: 50000 steps -> C:\Users\hulbe\VisualProjects\traffic-world-model\models\checkpoints\v2\control_aligned\dream_lstm_s9
Eval num_timesteps=5000, episode_reward=-51934.80 +/- 65288.95
Episode length: 60.00 +/- 0.00
New best mean reward!
Eval num_timesteps=10000, episode_reward=-8296.60 +/- 3508.84
Episode length: 60.00 +/- 0.00
New best mean reward!
Eval num_timesteps=15000, episode_reward=-3622.80 +/- 494.17
Episode length: 60.00 +/- 0.00
New best mean reward!
Eval num_timesteps=20000, episode_reward=-2230.00 +/- 157.50
Episode length: 60.00 +/- 0.00
New best mean reward!
Eval num_timesteps=25000, episode_reward=-3052.00 +/- 1285.24
Episode length: 60.00 +/- 0.00
Eval num_timesteps=30000, episode_reward=-15456.80 +/- 23260.71
Episode length: 60.00 +/- 0.00
Eval num_timesteps=35000, episode_reward=-5137.00 +/- 6001.76
Episode length: 60.00 +/- 0.00
Eval num_timesteps=40000, episode_reward=-1716.60 +/- 348.52
Episode length: 60.00 +/- 0.00
New best mean reward!
Eval num_timesteps=45000, episode_reward=-1843.80 +/- 289.58
Episode length: 60.00 +/- 0.00
Eval num_timesteps=50000, episode_reward=-1886.80 +/- 372.28
Episode length: 60.00 +/- 0.00
done in 458 s; real steps 3000; best real eval -1716.6
